

*******************************************************************************
Thu Nov 17 23:07:27 2016


FIT:    data read from fileThibs u 1:2
        format = x:z
        #datapoints = 180
        residuals are weighted equally (unit weight)

function used for fitting: f(x)
fitted parameters initialized with current variable values



 Iteration 0
 WSSR        : 1.56374e+08       delta(WSSR)/WSSR   : 0
 delta(WSSR) : 0                 limit for stopping : 1e-05
 lambda	  : 377.792

initial set of free parameter values

angleZero       = 0.01
amplitude       = 6800
deltaAngle      = 1
off             = 1

After 23 iterations the fit converged.
final sum of squares of residuals : 3.07478e+06
rel. change during last iteration : -3.12691e-06

degrees of freedom    (FIT_NDF)                        : 176
rms of residuals      (FIT_STDFIT) = sqrt(WSSR/ndf)    : 132.175
variance of residuals (reduced chisquare) = WSSR/ndf   : 17470.3

Final set of parameters            Asymptotic Standard Error
=======================            ==========================

angleZero       = -1.45146         +/- 0.6981       (48.1%)
amplitude       = 829.061          +/- 31.1         (3.751%)
deltaAngle      = 20.0058          +/- 0.9502       (4.75%)
off             = 577.366          +/- 13.96        (2.418%)


correlation matrix of the fit parameters:

               angleZ amplit deltaA off    
angleZero       1.000 
amplitude      -0.000  1.000 
deltaAngle      0.000 -0.314  1.000 
off            -0.000 -0.317 -0.502  1.000 
