

*******************************************************************************
Thu Nov 17 23:17:20 2016


FIT:    data read from fileThibs u 1:2
        format = x:z
        #datapoints = 180
        residuals are weighted equally (unit weight)

function used for fitting: f(x)
fitted parameters initialized with current variable values



 Iteration 0
 WSSR        : 4.62402e+08       delta(WSSR)/WSSR   : 0
 delta(WSSR) : 0                 limit for stopping : 1e-05
 lambda	  : 377.792

initial set of free parameter values

angleZero       = 0.01
amplitude       = 6800
deltaAngle      = 1
off             = 1

After 9 iterations the fit converged.
final sum of squares of residuals : 1.50289e+06
rel. change during last iteration : -1.7146e-07

degrees of freedom    (FIT_NDF)                        : 176
rms of residuals      (FIT_STDFIT) = sqrt(WSSR/ndf)    : 92.4075
variance of residuals (reduced chisquare) = WSSR/ndf   : 8539.15

Final set of parameters            Asymptotic Standard Error
=======================            ==========================

angleZero       = 0.726017         +/- 0.09445      (13.01%)
amplitude       = 3661.93          +/- 24.89        (0.6796%)
deltaAngle      = 14.6172          +/- 0.1215       (0.8311%)
off             = 651.081          +/- 8.657        (1.33%)


correlation matrix of the fit parameters:

               angleZ amplit deltaA off    
angleZero       1.000 
amplitude       0.000  1.000 
deltaAngle     -0.000 -0.413  1.000 
off             0.000 -0.246 -0.403  1.000 
