

*******************************************************************************
Thu Nov 17 23:23:40 2016


FIT:    data read from fileThibs u 1:2
        format = x:z
        #datapoints = 180
        residuals are weighted equally (unit weight)

function used for fitting: f(x)
fitted parameters initialized with current variable values



 Iteration 0
 WSSR        : 1.07525e+08       delta(WSSR)/WSSR   : 0
 delta(WSSR) : 0                 limit for stopping : 1e-05
 lambda	  : 377.792

initial set of free parameter values

angleZero       = 0.01
amplitude       = 6800
deltaAngle      = 1
off             = 1

After 9 iterations the fit converged.
final sum of squares of residuals : 732446
rel. change during last iteration : -9.7912e-06

degrees of freedom    (FIT_NDF)                        : 176
rms of residuals      (FIT_STDFIT) = sqrt(WSSR/ndf)    : 64.5107
variance of residuals (reduced chisquare) = WSSR/ndf   : 4161.63

BREAK:          Singular matrix in Invert_RtR

