

*******************************************************************************
Mon Dec 12 13:11:40 2016


FIT:    data read from fileThibs u 1:2
        format = x:z
        #datapoints = 180
        residuals are weighted equally (unit weight)

function used for fitting: f(x)
fitted parameters initialized with current variable values



 Iteration 0
 WSSR        : 7.76139e+08       delta(WSSR)/WSSR   : 0
 delta(WSSR) : 0                 limit for stopping : 1e-05
 lambda	  : 377.792

initial set of free parameter values

angleZero       = 0.01
amplitude       = 6800
deltaAngle      = 1
off             = 1

After 15 iterations the fit converged.
final sum of squares of residuals : 2.11212e+06
rel. change during last iteration : -9.29894e-06

degrees of freedom    (FIT_NDF)                        : 176
rms of residuals      (FIT_STDFIT) = sqrt(WSSR/ndf)    : 109.548
variance of residuals (reduced chisquare) = WSSR/ndf   : 12000.7

Final set of parameters            Asymptotic Standard Error
=======================            ==========================

angleZero       = 1.63693          +/- 0.4116       (25.15%)
amplitude       = 1843.31          +/- 45.3         (2.458%)
deltaAngle      = 48.7902          +/- 1.486        (3.046%)
off             = 976.376          +/- 49.61        (5.081%)


correlation matrix of the fit parameters:

               angleZ amplit deltaA off    
angleZero       1.000 
amplitude      -0.029  1.000 
deltaAngle     -0.024  0.809  1.000 
off             0.029 -0.937 -0.939  1.000 
