

*******************************************************************************
Thu Nov 17 22:13:54 2016


FIT:    data read from fileThibs u 1:2
        format = x:z
        #datapoints = 180
        residuals are weighted equally (unit weight)

function used for fitting: f(x)
fitted parameters initialized with current variable values



 Iteration 0
 WSSR        : 7.88869e+08       delta(WSSR)/WSSR   : 0
 delta(WSSR) : 0                 limit for stopping : 1e-05
 lambda	  : 377.792

initial set of free parameter values

angleZero       = 0.01
amplitude       = 6800
deltaAngle      = 1
off             = 1

After 16 iterations the fit converged.
final sum of squares of residuals : 2.5674e+06
rel. change during last iteration : -7.11055e-06

degrees of freedom    (FIT_NDF)                        : 176
rms of residuals      (FIT_STDFIT) = sqrt(WSSR/ndf)    : 120.779
variance of residuals (reduced chisquare) = WSSR/ndf   : 14587.5

Final set of parameters            Asymptotic Standard Error
=======================            ==========================

angleZero       = -40.8731         +/- 0.5745       (1.406%)
amplitude       = 1535.23          +/- 24.97        (1.627%)
deltaAngle      = 43.0978          +/- 1.017        (2.359%)
off             = 1294.2           +/- 20.26        (1.565%)


correlation matrix of the fit parameters:

               angleZ amplit deltaA off    
angleZero       1.000 
amplitude       0.133  1.000 
deltaAngle     -0.163  0.097  1.000 
off            -0.070 -0.647 -0.672  1.000 
