

*******************************************************************************
Sun Jun 18 17:41:51 2017


FIT:    data read from file u 1:2
        format = x:z
        #datapoints = 52
        residuals are weighted equally (unit weight)

function used for fitting: eta(T)
fitted parameters initialized with current variable values



*******************************************************************************
Sun Jun 18 17:42:03 2017


FIT:    data read from file u 1:2
        format = x:z
        #datapoints = 52
        residuals are weighted equally (unit weight)

function used for fitting: eta(x)
fitted parameters initialized with current variable values



 Iteration 0
 WSSR        : 13197.2           delta(WSSR)/WSSR   : 0
 delta(WSSR) : 0                 limit for stopping : 1e-05
 lambda	  : 4.25206

initial set of free parameter values

a               = 1
b               = 1

After 5 iterations the fit converged.
final sum of squares of residuals : 0.160271
rel. change during last iteration : -2.25132e-15

degrees of freedom    (FIT_NDF)                        : 50
rms of residuals      (FIT_STDFIT) = sqrt(WSSR/ndf)    : 0.0566165
variance of residuals (reduced chisquare) = WSSR/ndf   : 0.00320543

Final set of parameters            Asymptotic Standard Error
=======================            ==========================

a               = 6.23888          +/- 0.007178     (0.1151%)
b               = -14.6668         +/- 0.04256      (0.2902%)


correlation matrix of the fit parameters:

               a      b      
a               1.000 
b              -0.983  1.000 


*******************************************************************************
Sun Jun 18 17:49:23 2017


FIT:    data read from file u 1:2
        format = x:z
        #datapoints = 52
        residuals are weighted equally (unit weight)

function used for fitting: lneta(x)
fitted parameters initialized with current variable values



 Iteration 0
 WSSR        : 0.160271          delta(WSSR)/WSSR   : 0
 delta(WSSR) : 0                 limit for stopping : 1e-05
 lambda	  : 4.25206

initial set of free parameter values

a               = 6.23888
b               = -14.6668

The maximum lambda = 1.000000e+20 was exceeded. Fit stopped.
final sum of squares of residuals : 0.160271
rel. change during last iteration : 0

degrees of freedom    (FIT_NDF)                        : 50
rms of residuals      (FIT_STDFIT) = sqrt(WSSR/ndf)    : 0.0566165
variance of residuals (reduced chisquare) = WSSR/ndf   : 0.00320543

Final set of parameters            Asymptotic Standard Error
=======================            ==========================

a               = 6.23888          +/- 0.007178     (0.1151%)
b               = -14.6668         +/- 0.04256      (0.2902%)


correlation matrix of the fit parameters:

               a      b      
a               1.000 
b              -0.983  1.000 


*******************************************************************************
Sun Jun 18 17:50:03 2017


FIT:    data read from file u 1:2
        format = x:z
        #datapoints = 52
        residuals are weighted equally (unit weight)

function used for fitting: lneta(x)
fitted parameters initialized with current variable values



 Iteration 0
 WSSR        : 0.160271          delta(WSSR)/WSSR   : 0
 delta(WSSR) : 0                 limit for stopping : 1e-05
 lambda	  : 4.25206

initial set of free parameter values

a               = 6.23888
b               = -14.6668

After 1 iterations the fit converged.
final sum of squares of residuals : 0.160271
rel. change during last iteration : -1.38543e-14

degrees of freedom    (FIT_NDF)                        : 50
rms of residuals      (FIT_STDFIT) = sqrt(WSSR/ndf)    : 0.0566165
variance of residuals (reduced chisquare) = WSSR/ndf   : 0.00320543

Final set of parameters            Asymptotic Standard Error
=======================            ==========================

a               = 6.23888          +/- 0.007178     (0.1151%)
b               = -14.6668         +/- 0.04256      (0.2902%)


correlation matrix of the fit parameters:

               a      b      
a               1.000 
b              -0.983  1.000 


*******************************************************************************
Sun Jun 18 17:50:46 2017


FIT:    data read from file u 1:2
        format = x:z
        #datapoints = 52
        residuals are weighted equally (unit weight)

function used for fitting: lneta(x)
fitted parameters initialized with current variable values



 Iteration 0
 WSSR        : 0.160271          delta(WSSR)/WSSR   : 0
 delta(WSSR) : 0                 limit for stopping : 1e-05
 lambda	  : 4.25206

initial set of free parameter values

a               = 6.23888
b               = -14.6668

After 1 iterations the fit converged.
final sum of squares of residuals : 0.160271
rel. change during last iteration : -1.38543e-14

degrees of freedom    (FIT_NDF)                        : 50
rms of residuals      (FIT_STDFIT) = sqrt(WSSR/ndf)    : 0.0566165
variance of residuals (reduced chisquare) = WSSR/ndf   : 0.00320543

Final set of parameters            Asymptotic Standard Error
=======================            ==========================

a               = 6.23888          +/- 0.007178     (0.1151%)
b               = -14.6668         +/- 0.04256      (0.2902%)


correlation matrix of the fit parameters:

               a      b      
a               1.000 
b              -0.983  1.000 


*******************************************************************************
Sun Jun 18 17:55:53 2017


FIT:    data read from file u 1:2
        format = x:z
        #datapoints = 52
        residuals are weighted equally (unit weight)

function used for fitting: lneta(x)
fitted parameters initialized with current variable values



 Iteration 0
 WSSR        : 0.160271          delta(WSSR)/WSSR   : 0
 delta(WSSR) : 0                 limit for stopping : 1e-05
 lambda	  : 4.25206

initial set of free parameter values

a               = 6.23888
b               = -14.6668

After 1 iterations the fit converged.
final sum of squares of residuals : 0.160271
rel. change during last iteration : -1.38543e-14

degrees of freedom    (FIT_NDF)                        : 50
rms of residuals      (FIT_STDFIT) = sqrt(WSSR/ndf)    : 0.0566165
variance of residuals (reduced chisquare) = WSSR/ndf   : 0.00320543

Final set of parameters            Asymptotic Standard Error
=======================            ==========================

a               = 6.23888          +/- 0.007178     (0.1151%)
b               = -14.6668         +/- 0.04256      (0.2902%)


correlation matrix of the fit parameters:

               a      b      
a               1.000 
b              -0.983  1.000 


*******************************************************************************
Sun Jun 18 17:56:14 2017


FIT:    data read from file u 1:2
        format = x:z
        #datapoints = 52
        residuals are weighted equally (unit weight)

function used for fitting: lneta(x)
fitted parameters initialized with current variable values



 Iteration 0
 WSSR        : 0.160271          delta(WSSR)/WSSR   : 0
 delta(WSSR) : 0                 limit for stopping : 1e-05
 lambda	  : 4.25206

initial set of free parameter values

a               = 6.23888
b               = -14.6668

After 1 iterations the fit converged.
final sum of squares of residuals : 0.160271
rel. change during last iteration : -1.38543e-14

degrees of freedom    (FIT_NDF)                        : 50
rms of residuals      (FIT_STDFIT) = sqrt(WSSR/ndf)    : 0.0566165
variance of residuals (reduced chisquare) = WSSR/ndf   : 0.00320543

Final set of parameters            Asymptotic Standard Error
=======================            ==========================

a               = 6.23888          +/- 0.007178     (0.1151%)
b               = -14.6668         +/- 0.04256      (0.2902%)


correlation matrix of the fit parameters:

               a      b      
a               1.000 
b              -0.983  1.000 


*******************************************************************************
Sun Jun 18 17:56:32 2017


FIT:    data read from file u 1:2
        format = x:z
        #datapoints = 52
        residuals are weighted equally (unit weight)

function used for fitting: lneta(x)
fitted parameters initialized with current variable values



 Iteration 0
 WSSR        : 0.160271          delta(WSSR)/WSSR   : 0
 delta(WSSR) : 0                 limit for stopping : 1e-05
 lambda	  : 4.25206

initial set of free parameter values

a               = 6.23888
b               = -14.6668

After 1 iterations the fit converged.
final sum of squares of residuals : 0.160271
rel. change during last iteration : -1.38543e-14

degrees of freedom    (FIT_NDF)                        : 50
rms of residuals      (FIT_STDFIT) = sqrt(WSSR/ndf)    : 0.0566165
variance of residuals (reduced chisquare) = WSSR/ndf   : 0.00320543

Final set of parameters            Asymptotic Standard Error
=======================            ==========================

a               = 6.23888          +/- 0.007178     (0.1151%)
b               = -14.6668         +/- 0.04256      (0.2902%)


correlation matrix of the fit parameters:

               a      b      
a               1.000 
b              -0.983  1.000 


*******************************************************************************
Sun Jun 18 17:56:44 2017


FIT:    data read from file u 1:2
        format = x:z
        #datapoints = 52
        residuals are weighted equally (unit weight)

function used for fitting: lneta(x)
fitted parameters initialized with current variable values



 Iteration 0
 WSSR        : 0.160271          delta(WSSR)/WSSR   : 0
 delta(WSSR) : 0                 limit for stopping : 1e-05
 lambda	  : 4.25206

initial set of free parameter values

a               = 6.23888
b               = -14.6668

After 1 iterations the fit converged.
final sum of squares of residuals : 0.160271
rel. change during last iteration : -1.38543e-14

degrees of freedom    (FIT_NDF)                        : 50
rms of residuals      (FIT_STDFIT) = sqrt(WSSR/ndf)    : 0.0566165
variance of residuals (reduced chisquare) = WSSR/ndf   : 0.00320543

Final set of parameters            Asymptotic Standard Error
=======================            ==========================

a               = 6.23888          +/- 0.007178     (0.1151%)
b               = -14.6668         +/- 0.04256      (0.2902%)


correlation matrix of the fit parameters:

               a      b      
a               1.000 
b              -0.983  1.000 


*******************************************************************************
Sun Jun 18 18:01:04 2017


FIT:    data read from file u 1:2
        format = x:z
        #datapoints = 52
        residuals are weighted equally (unit weight)

function used for fitting: lneta(x)
fitted parameters initialized with current variable values



 Iteration 0
 WSSR        : 0.160271          delta(WSSR)/WSSR   : 0
 delta(WSSR) : 0                 limit for stopping : 1e-05
 lambda	  : 4.25206

initial set of free parameter values

a               = 6.23888
b               = -14.6668

After 1 iterations the fit converged.
final sum of squares of residuals : 0.160271
rel. change during last iteration : -1.38543e-14

degrees of freedom    (FIT_NDF)                        : 50
rms of residuals      (FIT_STDFIT) = sqrt(WSSR/ndf)    : 0.0566165
variance of residuals (reduced chisquare) = WSSR/ndf   : 0.00320543

Final set of parameters            Asymptotic Standard Error
=======================            ==========================

a               = 6.23888          +/- 0.007178     (0.1151%)
b               = -14.6668         +/- 0.04256      (0.2902%)


correlation matrix of the fit parameters:

               a      b      
a               1.000 
b              -0.983  1.000 


*******************************************************************************
Sun Jun 18 18:25:44 2017


FIT:    data read from file u 1:2
        format = x:z
        #datapoints = 2
        residuals are weighted equally (unit weight)

function used for fitting: sigma(x)
fitted parameters initialized with current variable values



 Iteration 0
 WSSR        : 9.86518e+06       delta(WSSR)/WSSR   : 0
 delta(WSSR) : 0                 limit for stopping : 1e-05
 lambda	  : 1569.97

initial set of free parameter values

a               = 1
b               = 1

After 8 iterations the fit converged.
final sum of squares of residuals : 1.54074e-32
abs. change during last iteration : -5.40538e-19


Exactly as many data points as there are parameters.
In this degenerate case, all errors are zero by definition.

Final set of parameters 
======================= 

a               = 1.53846e-05    
b               = 0.267338       


*******************************************************************************
Sun Jun 18 18:26:19 2017


FIT:    data read from file u 1:2
        format = x:z
        #datapoints = 2
        residuals are weighted equally (unit weight)

function used for fitting: sigma(x)
fitted parameters initialized with current variable values



 Iteration 0
 WSSR        : 1.54074e-32       delta(WSSR)/WSSR   : 0
 delta(WSSR) : 0                 limit for stopping : 1e-05
 lambda	  : 1569.97

initial set of free parameter values

a               = 1.53846e-05
b               = 0.267338

The maximum lambda = 1.000000e+20 was exceeded. Fit stopped.
final sum of squares of residuals : 1.54074e-32
abs. change during last iteration : 0


Exactly as many data points as there are parameters.
In this degenerate case, all errors are zero by definition.

Final set of parameters 
======================= 

a               = 1.53846e-05    
b               = 0.267338       


*******************************************************************************
Thu Jun 29 14:01:17 2017


FIT:    data read from file u 1:2
        format = x:z
        #datapoints = 8
        residuals are weighted equally (unit weight)

function used for fitting: kappa(x)
fitted parameters initialized with current variable values



*******************************************************************************
Thu Jun 29 14:01:29 2017


FIT:    data read from file u 1:2
        format = x:z
        #datapoints = 8
        residuals are weighted equally (unit weight)

function used for fitting: kappa(x)
fitted parameters initialized with current variable values



 Iteration 0
 WSSR        : 6911.49           delta(WSSR)/WSSR   : 0
 delta(WSSR) : 0                 limit for stopping : 1e-05
 lambda	  : 11.7228

initial set of free parameter values

a               = 1
b               = 1

After 4 iterations the fit converged.
final sum of squares of residuals : 8.26827
rel. change during last iteration : -8.30593e-07

degrees of freedom    (FIT_NDF)                        : 6
rms of residuals      (FIT_STDFIT) = sqrt(WSSR/ndf)    : 1.1739
variance of residuals (reduced chisquare) = WSSR/ndf   : 1.37805

BREAK:          Singular matrix in Invert_RtR



*******************************************************************************
Thu Jun 29 14:02:00 2017


FIT:    data read from file u 1:2
        format = x:z
        #datapoints = 8
        residuals are weighted equally (unit weight)

function used for fitting: kappa(x)
fitted parameters initialized with current variable values



 Iteration 0
 WSSR        : 8.26844           delta(WSSR)/WSSR   : 0
 delta(WSSR) : 0                 limit for stopping : 1e-05
 lambda	  : 0.707107

initial set of free parameter values

a               = -0.665991
b               = 4.59464

After 2 iterations the fit converged.
final sum of squares of residuals : 8.26827
rel. change during last iteration : -7.05356e-08

degrees of freedom    (FIT_NDF)                        : 6
rms of residuals      (FIT_STDFIT) = sqrt(WSSR/ndf)    : 1.1739
variance of residuals (reduced chisquare) = WSSR/ndf   : 1.37805

BREAK:          Singular matrix in Invert_RtR



*******************************************************************************
Thu Jun 29 14:02:02 2017


FIT:    data read from file u 1:2
        format = x:z
        #datapoints = 8
        residuals are weighted equally (unit weight)

function used for fitting: kappa(x)
fitted parameters initialized with current variable values



 Iteration 0
 WSSR        : 8.26844           delta(WSSR)/WSSR   : 0
 delta(WSSR) : 0                 limit for stopping : 1e-05
 lambda	  : 0.707107

initial set of free parameter values

a               = -0.665991
b               = 4.59464

After 2 iterations the fit converged.
final sum of squares of residuals : 8.26827
rel. change during last iteration : -7.05412e-08

degrees of freedom    (FIT_NDF)                        : 6
rms of residuals      (FIT_STDFIT) = sqrt(WSSR/ndf)    : 1.1739
variance of residuals (reduced chisquare) = WSSR/ndf   : 1.37805

BREAK:          Singular matrix in Invert_RtR



*******************************************************************************
Thu Jun 29 14:02:35 2017


FIT:    data read from file u 1:2
        format = x:z
        #datapoints = 8
        residuals are weighted equally (unit weight)

function used for fitting: kappa(x)
fitted parameters initialized with current variable values



 Iteration 0
 WSSR        : 8.26844           delta(WSSR)/WSSR   : 0
 delta(WSSR) : 0                 limit for stopping : 1e-05
 lambda	  : 0.707107

initial set of free parameter values

a               = -0.665991
b               = 4.59464

After 2 iterations the fit converged.
final sum of squares of residuals : 8.26827
rel. change during last iteration : -7.05412e-08

degrees of freedom    (FIT_NDF)                        : 6
rms of residuals      (FIT_STDFIT) = sqrt(WSSR/ndf)    : 1.1739
variance of residuals (reduced chisquare) = WSSR/ndf   : 1.37805

BREAK:          Singular matrix in Invert_RtR



*******************************************************************************
Thu Jun 29 14:07:22 2017


FIT:    data read from file u 1:2
        format = x:z
        #datapoints = 8
        residuals are weighted equally (unit weight)

function used for fitting: kappa(x)
fitted parameters initialized with current variable values



 Iteration 0
 WSSR        : 20791.1           delta(WSSR)/WSSR   : 0
 delta(WSSR) : 0                 limit for stopping : 1e-05
 lambda	  : 35.5803

initial set of free parameter values

a               = -0.665991
b               = 4.59464
c               = 1
d               = 1

After 30 iterations the fit converged.
final sum of squares of residuals : 0.983569
rel. change during last iteration : -1.89293e-06

degrees of freedom    (FIT_NDF)                        : 4
rms of residuals      (FIT_STDFIT) = sqrt(WSSR/ndf)    : 0.495875
variance of residuals (reduced chisquare) = WSSR/ndf   : 0.245892

Final set of parameters            Asymptotic Standard Error
=======================            ==========================

a               = 0.0589794        +/- 6.869e+06    (1.165e+10%)
b               = 3.22232          +/- 7.507e+08    (2.33e+10%)
c               = -7.87201         +/- 1.833e+09    (2.329e+10%)
d               = 1.2216           +/- 16.4         (1343%)


correlation matrix of the fit parameters:

               a      b      c      d      
a               1.000 
b              -1.000  1.000 
c               1.000 -1.000  1.000 
d               0.971 -0.971  0.971  1.000 


*******************************************************************************
Thu Jun 29 14:07:44 2017


FIT:    data read from file u 1:2
        format = x:z
        #datapoints = 8
        residuals are weighted equally (unit weight)

function used for fitting: kappa(x)
fitted parameters initialized with current variable values



 Iteration 0
 WSSR        : 12.9221           delta(WSSR)/WSSR   : 0
 delta(WSSR) : 0                 limit for stopping : 1e-05
 lambda	  : 34.2728

initial set of free parameter values

a               = 0.0589794
b               = 3.22232
c               = -7.87201

After 166 iterations the fit converged.
final sum of squares of residuals : 1.86354
rel. change during last iteration : -9.98211e-06

degrees of freedom    (FIT_NDF)                        : 5
rms of residuals      (FIT_STDFIT) = sqrt(WSSR/ndf)    : 0.610498
variance of residuals (reduced chisquare) = WSSR/ndf   : 0.372708

Final set of parameters            Asymptotic Standard Error
=======================            ==========================

a               = 0.0627412        +/- 5.329e+06    (8.494e+09%)
b               = 5.07544          +/- 8.624e+08    (1.699e+10%)
c               = -6.82743         +/- 1.16e+09     (1.698e+10%)


correlation matrix of the fit parameters:

               a      b      c      
a               1.000 
b              -1.000  1.000 
c               1.000 -1.000  1.000 


*******************************************************************************
Thu Jun 29 14:08:05 2017


FIT:    data read from file u 1:2
        format = x:z
        #datapoints = 8
        residuals are weighted equally (unit weight)

function used for fitting: kappa(x)
fitted parameters initialized with current variable values



 Iteration 0
 WSSR        : 176.816           delta(WSSR)/WSSR   : 0
 delta(WSSR) : 0                 limit for stopping : 1e-05
 lambda	  : 0

initial set of free parameter values

a               = 0.0627412
b               = 5.07544
c               = -6.82743
BREAK:          Singular matrix in Givens()



*******************************************************************************
Thu Jun 29 14:08:21 2017


FIT:    data read from file u 1:2
        format = x:z
        #datapoints = 8
        residuals are weighted equally (unit weight)

function used for fitting: kappa(x)
fitted parameters initialized with current variable values



 Iteration 0
 WSSR        : 176.816           delta(WSSR)/WSSR   : 0
 delta(WSSR) : 0                 limit for stopping : 1e-05
 lambda	  : 0

initial set of free parameter values

a               = 0.0627412
b               = 5.07544
c               = -6.83426
BREAK:          Singular matrix in Givens()



*******************************************************************************
Thu Jun 29 14:08:37 2017


FIT:    data read from file u 1:2
        format = x:z
        #datapoints = 8
        residuals are weighted equally (unit weight)

function used for fitting: kappa(x)
fitted parameters initialized with current variable values



 Iteration 0
 WSSR        : 52646.3           delta(WSSR)/WSSR   : 0
 delta(WSSR) : 0                 limit for stopping : 1e-05
 lambda	  : 682.335

initial set of free parameter values

a               = 0.0627412
b               = 5.07544
c               = -6.84109
d               = 1.2216

After 3 iterations the fit converged.
final sum of squares of residuals : 16.0357
rel. change during last iteration : -5.07428e-06

degrees of freedom    (FIT_NDF)                        : 4
rms of residuals      (FIT_STDFIT) = sqrt(WSSR/ndf)    : 2.00223
variance of residuals (reduced chisquare) = WSSR/ndf   : 4.00892

Final set of parameters            Asymptotic Standard Error
=======================            ==========================

a               = 0.00328694       +/- 2.33e+07     (7.087e+11%)
b               = 5.07544          +/- 7.22e+10     (1.423e+12%)
c               = -6.84093         +/- 9.694e+10    (1.417e+12%)
d               = 1.22102          +/- 1.731e+10    (1.418e+12%)


correlation matrix of the fit parameters:

               a      b      c      d      
a               1.000 
b              -1.000  1.000 
c               1.000 -1.000  1.000 
d              -1.000  1.000 -1.000  1.000 


*******************************************************************************
Thu Jun 29 14:08:57 2017


FIT:    data read from file u 1:2
        format = x:z
        #datapoints = 8
        residuals are weighted equally (unit weight)

function used for fitting: kappa(x)
fitted parameters initialized with current variable values



 Iteration 0
 WSSR        : 26.4311           delta(WSSR)/WSSR   : 0
 delta(WSSR) : 0                 limit for stopping : 1e-05
 lambda	  : 3.54548

initial set of free parameter values

a               = 0.00328694
b               = 5.07544
c               = -6.84093
d               = 1.22102

After 12 iterations the fit converged.
final sum of squares of residuals : 8.26827
rel. change during last iteration : -1.65987e-06

degrees of freedom    (FIT_NDF)                        : 4
rms of residuals      (FIT_STDFIT) = sqrt(WSSR/ndf)    : 1.43773
variance of residuals (reduced chisquare) = WSSR/ndf   : 2.06707

BREAK:          Singular matrix in Invert_RtR



*******************************************************************************
Thu Jun 29 14:09:06 2017


FIT:    data read from file u 1:2
        format = x:z
        #datapoints = 8
        residuals are weighted equally (unit weight)

function used for fitting: kappa(x)
fitted parameters initialized with current variable values



 Iteration 0
 WSSR        : 176.816           delta(WSSR)/WSSR   : 0
 delta(WSSR) : 0                 limit for stopping : 1e-05
 lambda	  : 6.48729e-14

initial set of free parameter values

a               = -5.33873
b               = 4.59006
c               = -6.84093
d               = 1.22224
BREAK:          Undefined value during function evaluation



*******************************************************************************
Thu Jun 29 14:09:19 2017


FIT:    data read from file u 1:2
        format = x:z
        #datapoints = 8
        residuals are weighted equally (unit weight)

function used for fitting: kappa(x)
fitted parameters initialized with current variable values

BREAK:          Undefined value during function evaluation



*******************************************************************************
Thu Jun 29 14:09:29 2017


FIT:    data read from file u 1:2
        format = x:z
        #datapoints = 8
        residuals are weighted equally (unit weight)

function used for fitting: kappa(x)
fitted parameters initialized with current variable values

BREAK:          Undefined value during function evaluation



*******************************************************************************
Thu Jun 29 14:10:10 2017


FIT:    data read from file u 1:2
        format = x:z
        #datapoints = 8
        residuals are weighted equally (unit weight)

function used for fitting: kappa(x)
fitted parameters initialized with current variable values



 Iteration 0
 WSSR        : 1.21283e+20       delta(WSSR)/WSSR   : 0
 delta(WSSR) : 0                 limit for stopping : 1e-05
 lambda	  : 1.9458e+09

initial set of free parameter values

a3              = 1
a2              = 1
a1              = 1
a0              = 1

After 13 iterations the fit converged.
final sum of squares of residuals : 0.0727017
rel. change during last iteration : -1.11676e-07

degrees of freedom    (FIT_NDF)                        : 4
rms of residuals      (FIT_STDFIT) = sqrt(WSSR/ndf)    : 0.134816
variance of residuals (reduced chisquare) = WSSR/ndf   : 0.0181754

Final set of parameters            Asymptotic Standard Error
=======================            ==========================

a3              = 7.06418e-10      +/- 3.48e-10     (49.26%)
a2              = -3.96976e-06     +/- 1.253e-06    (31.56%)
a1              = 0.00756664       +/- 0.001313     (17.36%)
a0              = 0.633319         +/- 0.386        (60.95%)


correlation matrix of the fit parameters:

               a3     a2     a1     a0     
a3              1.000 
a2             -0.993  1.000 
a1              0.959 -0.986  1.000 
a0             -0.865  0.910 -0.962  1.000 


*******************************************************************************
Thu Jun 29 14:10:21 2017


FIT:    data read from file u 1:2
        format = x:z
        #datapoints = 8
        residuals are weighted equally (unit weight)

function used for fitting: kappa(x)
fitted parameters initialized with current variable values



 Iteration 0
 WSSR        : 0.0727017         delta(WSSR)/WSSR   : 0
 delta(WSSR) : 0                 limit for stopping : 1e-05
 lambda	  : 1.9458e+09

initial set of free parameter values

a3              = 7.06418e-10
a2              = -3.96976e-06
a1              = 0.00756664
a0              = 0.633319

The maximum lambda = 1.000000e+20 was exceeded. Fit stopped.
final sum of squares of residuals : 0.0727017
rel. change during last iteration : 0

degrees of freedom    (FIT_NDF)                        : 4
rms of residuals      (FIT_STDFIT) = sqrt(WSSR/ndf)    : 0.134816
variance of residuals (reduced chisquare) = WSSR/ndf   : 0.0181754

Final set of parameters            Asymptotic Standard Error
=======================            ==========================

a3              = 7.06418e-10      +/- 3.48e-10     (49.26%)
a2              = -3.96976e-06     +/- 1.253e-06    (31.56%)
a1              = 0.00756664       +/- 0.001313     (17.36%)
a0              = 0.633319         +/- 0.386        (60.95%)


correlation matrix of the fit parameters:

               a3     a2     a1     a0     
a3              1.000 
a2             -0.993  1.000 
a1              0.959 -0.986  1.000 
a0             -0.865  0.910 -0.962  1.000 


*******************************************************************************
Thu Jun 29 14:10:24 2017


FIT:    data read from file u 1:2
        format = x:z
        #datapoints = 8
        residuals are weighted equally (unit weight)

function used for fitting: kappa(x)
fitted parameters initialized with current variable values



 Iteration 0
 WSSR        : 0.0727017         delta(WSSR)/WSSR   : 0
 delta(WSSR) : 0                 limit for stopping : 1e-05
 lambda	  : 1.9458e+09

initial set of free parameter values

a3              = 7.06418e-10
a2              = -3.96976e-06
a1              = 0.00756664
a0              = 0.633319

The maximum lambda = 1.000000e+20 was exceeded. Fit stopped.
final sum of squares of residuals : 0.0727017
rel. change during last iteration : 0

degrees of freedom    (FIT_NDF)                        : 4
rms of residuals      (FIT_STDFIT) = sqrt(WSSR/ndf)    : 0.134816
variance of residuals (reduced chisquare) = WSSR/ndf   : 0.0181754

Final set of parameters            Asymptotic Standard Error
=======================            ==========================

a3              = 7.06418e-10      +/- 3.48e-10     (49.26%)
a2              = -3.96976e-06     +/- 1.253e-06    (31.56%)
a1              = 0.00756664       +/- 0.001313     (17.36%)
a0              = 0.633319         +/- 0.386        (60.95%)


correlation matrix of the fit parameters:

               a3     a2     a1     a0     
a3              1.000 
a2             -0.993  1.000 
a1              0.959 -0.986  1.000 
a0             -0.865  0.910 -0.962  1.000 


*******************************************************************************
Thu Jun 29 14:56:18 2017


FIT:    data read from file u 1:2
        format = x:z
        #datapoints = 2
        residuals are weighted equally (unit weight)

function used for fitting: sigma(x)
fitted parameters initialized with current variable values



 Iteration 0
 WSSR        : 9.86518e+06       delta(WSSR)/WSSR   : 0
 delta(WSSR) : 0                 limit for stopping : 1e-05
 lambda	  : 1569.97

initial set of free parameter values

a               = 1
b               = 1

After 8 iterations the fit converged.
final sum of squares of residuals : 1.54074e-32
abs. change during last iteration : -5.40538e-19


Exactly as many data points as there are parameters.
In this degenerate case, all errors are zero by definition.

Final set of parameters 
======================= 

a               = 1.53846e-05    
b               = 0.267338       


*******************************************************************************
Thu Aug 10 00:23:25 2017


FIT:    data read from file u 1:2
        format = x:z
        #datapoints = 52
        residuals are weighted equally (unit weight)

function used for fitting: lneta(x)
fitted parameters initialized with current variable values



 Iteration 0
 WSSR        : 13197.2           delta(WSSR)/WSSR   : 0
 delta(WSSR) : 0                 limit for stopping : 1e-05
 lambda	  : 4.25206

initial set of free parameter values

a               = 1
b               = 1

After 5 iterations the fit converged.
final sum of squares of residuals : 0.160271
rel. change during last iteration : -2.25132e-15

degrees of freedom    (FIT_NDF)                        : 50
rms of residuals      (FIT_STDFIT) = sqrt(WSSR/ndf)    : 0.0566165
variance of residuals (reduced chisquare) = WSSR/ndf   : 0.00320543

Final set of parameters            Asymptotic Standard Error
=======================            ==========================

a               = 6.23888          +/- 0.007178     (0.1151%)
b               = -14.6668         +/- 0.04256      (0.2902%)


correlation matrix of the fit parameters:

               a      b      
a               1.000 
b              -0.983  1.000 


*******************************************************************************
Wed Aug 23 17:22:50 2017


FIT:    data read from file u 1:2
        format = x:z
        #datapoints = 52
        residuals are weighted equally (unit weight)

function used for fitting: lneta(x)
fitted parameters initialized with current variable values



 Iteration 0
 WSSR        : 13197.2           delta(WSSR)/WSSR   : 0
 delta(WSSR) : 0                 limit for stopping : 1e-05
 lambda	  : 4.25206

initial set of free parameter values

a               = 1
b               = 1

After 5 iterations the fit converged.
final sum of squares of residuals : 0.160271
rel. change during last iteration : -2.25132e-15

degrees of freedom    (FIT_NDF)                        : 50
rms of residuals      (FIT_STDFIT) = sqrt(WSSR/ndf)    : 0.0566165
variance of residuals (reduced chisquare) = WSSR/ndf   : 0.00320543

Final set of parameters            Asymptotic Standard Error
=======================            ==========================

a               = 6.23888          +/- 0.007178     (0.1151%)
b               = -14.6668         +/- 0.04256      (0.2902%)


correlation matrix of the fit parameters:

               a      b      
a               1.000 
b              -0.983  1.000 
