

*******************************************************************************
Thu Nov 17 23:19:16 2016


FIT:    data read from fileThibs u 1:2
        format = x:z
        #datapoints = 180
        residuals are weighted equally (unit weight)

function used for fitting: f(x)
fitted parameters initialized with current variable values



 Iteration 0
 WSSR        : 3.37122e+09       delta(WSSR)/WSSR   : 0
 delta(WSSR) : 0                 limit for stopping : 1e-05
 lambda	  : 377.792

initial set of free parameter values

angleZero       = 0.01
amplitude       = 6800
deltaAngle      = 1
off             = 1

After 9 iterations the fit converged.
final sum of squares of residuals : 4.81377e+06
rel. change during last iteration : -4.46246e-07

degrees of freedom    (FIT_NDF)                        : 176
rms of residuals      (FIT_STDFIT) = sqrt(WSSR/ndf)    : 165.381
variance of residuals (reduced chisquare) = WSSR/ndf   : 27351

Final set of parameters            Asymptotic Standard Error
=======================            ==========================

angleZero       = -0.941792        +/- 0.1438       (15.27%)
amplitude       = 5904.2           +/- 35.16        (0.5955%)
deltaAngle      = 27.5032          +/- 0.223        (0.8107%)
off             = 1991.75          +/- 22.09        (1.109%)


correlation matrix of the fit parameters:

               angleZ amplit deltaA off    
angleZero       1.000 
amplitude       0.000  1.000 
deltaAngle      0.000 -0.102  1.000 
off            -0.000 -0.446 -0.651  1.000 
