

*******************************************************************************
Thu Nov 17 23:21:53 2016


FIT:    data read from fileThibs u 1:2
        format = x:z
        #datapoints = 180
        residuals are weighted equally (unit weight)

function used for fitting: f(x)
fitted parameters initialized with current variable values



 Iteration 0
 WSSR        : 3.31684e+10       delta(WSSR)/WSSR   : 0
 delta(WSSR) : 0                 limit for stopping : 1e-05
 lambda	  : 377.792

initial set of free parameter values

angleZero       = 0.01
amplitude       = 6800
deltaAngle      = 1
off             = 1

After 10 iterations the fit converged.
final sum of squares of residuals : 1.18985e+09
rel. change during last iteration : -5.48859e-06

degrees of freedom    (FIT_NDF)                        : 176
rms of residuals      (FIT_STDFIT) = sqrt(WSSR/ndf)    : 2600.1
variance of residuals (reduced chisquare) = WSSR/ndf   : 6.76054e+06

Final set of parameters            Asymptotic Standard Error
=======================            ==========================

angleZero       = -4.63447         +/- 0.5674       (12.24%)
amplitude       = 21074.9          +/- 589.2        (2.796%)
deltaAngle      = 22.073           +/- 0.7946       (3.6%)
off             = 5886.44          +/- 290.2        (4.93%)


correlation matrix of the fit parameters:

               angleZ amplit deltaA off    
angleZero       1.000 
amplitude      -0.000  1.000 
deltaAngle      0.000 -0.266  1.000 
off            -0.000 -0.348 -0.541  1.000 
